<html>
<body>
<pre>
<h1>µVision Build Log</h1>
<h2>Tool Versions:</h2>
IDE-Version: µVision V5.31.0.0
Copyright (C) 2020 ARM Ltd and ARM Germany GmbH. All rights reserved.
License Information: quang bui, kma, LIC=9WSKC-7PNTJ-HLGCL-0DGUC-BRK7T-P4X33
 
Tool Versions:
Toolchain:       MDK-ARM Plus  Version: 5.31.0.0
Toolchain Path:  C:\Keil_v5\ARM\ARMCC\Bin
C Compiler:      Armcc.exe V5.06 update 6 (build 750)
Assembler:       Armasm.exe V5.06 update 6 (build 750)
Linker/Locator:  ArmLink.exe V5.06 update 6 (build 750)
Library Manager: ArmAr.exe V5.06 update 6 (build 750)
Hex Converter:   FromElf.exe V5.06 update 6 (build 750)
CPU DLL:         SARMCM3.DLL V5.31.0.0
Dialog DLL:      DCM.DLL V1.17.3.0
Target DLL:      STLink\ST-LINKIII-KEIL_SWO.dll V3.0.7.0
Dialog DLL:      TCM.DLL V1.46.0.0
 
<h2>Project:</h2>
F:\WEB IOT\Smart Lock\Smart_Lock\MDK-ARM\Smart_Lock.uvprojx
Project File Date:  03/30/2026

<h2>Output:</h2>
*** Using Compiler 'V5.06 update 6 (build 750)', folder: 'C:\Keil_v5\ARM\ARMCC\Bin'
Rebuild target 'Smart_Lock'
assembling startup_stm32f103xb.s...
compiling fonts.c...
compiling stm32f1xx_hal_msp.c...
compiling stm32f1xx_it.c...
compiling stm32f1xx_hal_rcc_ex.c...
compiling keypad_3x4_quang.c...
..\..\lib\keypad_3x4_quang.h(14): warning:  #1-D: last line of file ends without a newline
  #endif
..\..\lib\keypad_3x4_quang.c(25): warning:  #1-D: last line of file ends without a newline
  }
..\..\lib\keypad_3x4_quang.c: 2 warnings, 0 errors
compiling stm32f1xx_hal_gpio_ex.c...
compiling stm32f1xx_hal.c...
compiling lcd_i2c_quang.c...
compiling ssd1306.c...
compiling stm32f1xx_hal_rcc.c...
compiling main.c...
../../lib/keypad_3x4_quang.h(14): warning:  #1-D: last line of file ends without a newline
  #endif
../Core/Src/main.c(479): warning:  #223-D: function "snprintf" declared implicitly
  								snprintf(oled_line2, sizeof(oled_line2), "BS: %s", doctor_name);
../Core/Src/main.c(541): warning:  #223-D: function "snprintf" declared implicitly
  										snprintf(oled_line2, sizeof(oled_line2), "BS: %s", doctor_name);
../Core/Src/main.c: 3 warnings, 0 errors
compiling stm32f1xx_hal_i2c.c...
compiling stm32f1xx_hal_gpio.c...
compiling system_stm32f1xx.c...
compiling stm32f1xx_hal_cortex.c...
compiling stm32f1xx_hal_flash_ex.c...
compiling stm32f1xx_hal_dma.c...
compiling stm32f1xx_hal_pwr.c...
compiling stm32f1xx_hal_exti.c...
compiling stm32f1xx_hal_flash.c...
compiling stm32f1xx_hal_uart.c...
compiling stm32f1xx_hal_tim_ex.c...
compiling stm32f1xx_hal_tim.c...
linking...
Program Size: Code=16082 RO-data=10570 RW-data=160 ZI-data=3080  
FromELF: creating hex file...
"Smart_Lock\Smart_Lock.axf" - 0 Error(s), 5 Warning(s).

<h2>Software Packages used:</h2>

Package Vendor: ARM
                http://www.keil.com/pack/ARM.CMSIS.5.7.0.pack
                ARM.CMSIS.5.7.0
                CMSIS (Cortex Microcontroller Software Interface Standard)
   * Component: CORE Version: 5.4.0

Package Vendor: Keil
                https://www.keil.com/pack/Keil.STM32F1xx_DFP.2.4.1.pack
                Keil.STM32F1xx_DFP.2.4.1
                STMicroelectronics STM32F1 Series Device Support, Drivers and Examples

<h2>Collection of Component include folders:</h2>
  .\RTE\_Smart_Lock
  C:\Users\quang\AppData\Local\Arm\Packs\ARM\CMSIS\5.7.0\CMSIS\Core\Include
  C:\Users\quang\AppData\Local\Arm\Packs\Keil\STM32F1xx_DFP\2.4.1\Device\Include

<h2>Collection of Component Files used:</h2>

   * Component: ARM::CMSIS:CORE:5.4.0
      Include file:  CMSIS\Core\Include\tz_context.h
Build Time Elapsed:  00:00:10
</pre>
</body>
</html>
